// Jest Snapshot v1, https://goo.gl/fbAQLP

exports[`renders correctly 1`] = `
<RCTSafeAreaView
  style={
    {
      "flex": 1,
    }
  }
>
  <View
    style={
      {
        "flex": 1,
        "justifyContent": "center",
      }
    }
  >
    <ActivityIndicator
      color="#7D007D"
      size="large"
    />
  </View>
</RCTSafeAreaView>
`;
